\BOOKMARK [0][]{chapter*.1}{\376\377\000D\000\351\000d\000i\000c\000a\000c\000e\000s}{}% 1
\BOOKMARK [0][]{chapter*.2}{\376\377\000R\000e\000m\000e\000r\000c\000i\000e\000m\000e\000n\000t\000s}{}% 2
\BOOKMARK [0][]{chapter*.3}{\376\377\000R\000\351\000s\000u\000m\000\351}{}% 3
\BOOKMARK [0][]{chapter*.7}{\376\377\000A\000c\000r\000o\000n\000y\000m\000e\000s}{}% 4
\BOOKMARK [0][]{chapter*.8}{\376\377\000I\000n\000t\000r\000o\000d\000u\000c\000t\000i\000o\000n\000\040\000G\000\351\000n\000\351\000r\000a\000l\000e}{}% 5
\BOOKMARK [0][]{chapter*.8}{\376\377\000P\000r\000\351\000s\000e\000n\000t\000a\000t\000i\000o\000n\000\040\000e\000t\000\040\000A\000n\000a\000l\000y\000s\000e\000\040\000d\000u\000\040\000S\000y\000s\000t\000\350\000m\000e\000\040}{}% 6
\BOOKMARK [1][]{section.1.1}{\376\377\000I\000n\000t\000r\000o\000d\000u\000c\000t\000i\000o\000n}{chapter*.8}% 7
\BOOKMARK [2][]{subsection.1.1.1}{\376\377\000P\000r\000\351\000s\000e\000n\000t\000a\000t\000i\000o\000n\000\040\000d\000e\000\040\000c\000e\000n\000t\000r\000e\000\040\000d\000'\000a\000c\000c\000u\000e\000i\000l\000\040\000d\000e\000\040\000s\000t\000a\000g\000e}{section.1.1}% 8
\BOOKMARK [1][]{section.1.2}{\376\377\000P\000r\000\351\000s\000e\000n\000t\000a\000t\000i\000o\000n\000\040\000d\000u\000\040\000p\000r\000o\000j\000e\000t}{chapter*.8}% 9
\BOOKMARK [2][]{subsection.1.2.1}{\376\377\000C\000o\000n\000t\000e\000x\000t\000e\000\040\000g\000\351\000n\000\351\000r\000a\000l\000\040\000d\000u\000\040\000p\000r\000o\000j\000e\000t}{section.1.2}% 10
\BOOKMARK [2][]{subsection.1.2.2}{\376\377\000D\000e\000s\000c\000r\000i\000p\000t\000i\000o\000n\000\040\000d\000u\000\040\000D\000o\000m\000a\000i\000n\000e}{section.1.2}% 11
\BOOKMARK [2][]{subsection.1.2.3}{\376\377\000P\000r\000o\000b\000l\000\351\000m\000a\000t\000i\000q\000u\000e}{section.1.2}% 12
\BOOKMARK [1][]{section.1.3}{\376\377\000E\000t\000u\000d\000e\000\040\000d\000e\000\040\000l\040\031\000e\000x\000i\000s\000t\000a\000n\000t}{chapter*.8}% 13
\BOOKMARK [2][]{subsection.1.3.1}{\376\377\000D\000e\000s\000c\000r\000i\000p\000t\000i\000o\000n\000\040\000d\000e\000\040\000l\040\031\000e\000x\000i\000s\000t\000a\000n\000t}{section.1.3}% 14
\BOOKMARK [2][]{subsection.1.3.2}{\376\377\000C\000r\000i\000t\000i\000q\000u\000e\000\040\000d\000e\000\040\000l\040\031\000e\000x\000i\000s\000t\000a\000n\000t}{section.1.3}% 15
\BOOKMARK [2][]{subsection.1.3.3}{\376\377\000S\000o\000l\000u\000t\000i\000o\000n\000\040\000p\000r\000o\000p\000o\000s\000\351\000e}{section.1.3}% 16
\BOOKMARK [1][]{section.1.4}{\376\377\000M\000\351\000t\000h\000o\000d\000o\000l\000o\000g\000i\000e\000\040\000d\000e\000\040\000g\000e\000s\000t\000i\000o\000n\000\040\000d\000e\000\040\000p\000r\000o\000j\000e\000t}{chapter*.8}% 17
\BOOKMARK [2][]{subsection.1.4.1}{\376\377\000P\000r\000\351\000s\000e\000n\000t\000a\000t\000i\000o\000n\000\040\000d\000e\000s\000\040\000m\000\351\000t\000h\000o\000d\000o\000l\000o\000g\000i\000e\000s\000\040\000d\000e\000\040\000g\000e\000s\000t\000i\000o\000n\000\040\000d\000e\000\040\000p\000r\000o\000j\000e\000t}{section.1.4}% 18
\BOOKMARK [2][]{subsection.1.4.2}{\376\377\000M\000\351\000t\000h\000o\000d\000o\000l\000o\000g\000i\000e\000\040\000a\000d\000o\000p\000t\000\351\000e}{section.1.4}% 19
\BOOKMARK [1][]{section.1.5}{\376\377\000S\000p\000\351\000c\000i\000f\000i\000c\000a\000t\000i\000o\000n\000\040\000d\000e\000s\000\040\000b\000e\000s\000o\000i\000n\000s}{chapter*.8}% 20
\BOOKMARK [2][]{subsection.1.5.1}{\376\377\000S\000p\000\351\000c\000i\000f\000i\000c\000a\000t\000i\000o\000n\000s\000\040\000d\000e\000s\000\040\000b\000e\000s\000o\000i\000n\000s\000\040\000f\000o\000n\000c\000t\000i\000o\000n\000n\000e\000l\000s}{section.1.5}% 21
\BOOKMARK [2][]{subsection.1.5.2}{\376\377\000S\000p\000\351\000c\000i\000f\000i\000c\000a\000t\000i\000o\000n\000s\000\040\000d\000e\000s\000\040\000b\000e\000s\000o\000i\000n\000s\000\040\000n\000o\000n\000\040\000f\000o\000n\000c\000t\000i\000o\000n\000n\000e\000l\000s}{section.1.5}% 22
\BOOKMARK [1][]{section.1.6}{\376\377\000P\000l\000a\000n\000n\000i\000n\000g\000\040\000p\000r\000\351\000v\000i\000s\000i\000o\000n\000n\000e\000l}{chapter*.8}% 23
\BOOKMARK [2][]{subsection.1.6.1}{\376\377\000I\000d\000e\000n\000t\000i\000f\000i\000c\000a\000t\000i\000o\000n\000\040\000d\000e\000\040\000l\000'\000\351\000q\000u\000i\000p\000e}{section.1.6}% 24
\BOOKMARK [2][]{subsection.1.6.2}{\376\377\000D\000\351\000r\000o\000u\000l\000e\000m\000e\000n\000t\000\040\000d\000u\000\040\000s\000p\000r\000i\000n\000t\000\040\000d\000e\000\040\000L\000o\000g\000i\000L\000i\000n\000k}{section.1.6}% 25
\BOOKMARK [2][]{subsection.1.6.3}{\376\377\000P\000r\000o\000d\000u\000c\000t\000\040\000B\000a\000c\000k\000l\000o\000g}{section.1.6}% 26
\BOOKMARK [1][]{section.1.7}{\376\377\000C\000o\000n\000c\000l\000u\000s\000i\000o\000n}{chapter*.8}% 27
\BOOKMARK [0][]{section.1.7}{\376\377\000C\000o\000n\000c\000e\000p\000t\000i\000o\000n\000\040\000d\000u\000\040\000s\000y\000s\000t\000\350\000m\000e}{}% 28
\BOOKMARK [1][]{section.2.1}{\376\377\000I\000n\000t\000r\000o\000d\000u\000c\000t\000i\000o\000n}{section.1.7}% 29
\BOOKMARK [1][]{section.2.2}{\376\377\000C\000h\000o\000i\000x\000\040\000d\000e\000\040\000l\000a\000\040\000m\000o\000d\000\351\000l\000i\000s\000a\000t\000i\000o\000n\000\040\000c\000o\000n\000c\000e\000p\000t\000u\000e\000l\000l\000e}{section.1.7}% 30
\BOOKMARK [1][]{section.2.3}{\376\377\000P\000r\000\351\000s\000e\000n\000t\000a\000t\000i\000o\000n\000\040\000d\000e\000s\000\040\000a\000c\000t\000e\000u\000r\000s}{section.1.7}% 31
\BOOKMARK [1][]{section.2.4}{\376\377\000A\000r\000c\000h\000i\000t\000e\000c\000t\000u\000r\000e\000\040\000l\000o\000g\000i\000c\000i\000e\000l\000l\000e}{section.1.7}% 32
\BOOKMARK [2][]{subsection.2.4.1}{\376\377\000A\000r\000c\000h\000i\000t\000e\000c\000t\000u\000r\000e\000\040\000g\000l\000o\000b\000a\000l\000e\000\040\000d\000u\000\040\000s\000y\000s\000t\000\350\000m\000e}{section.2.4}% 33
\BOOKMARK [2][]{subsection.2.4.2}{\376\377\000A\000r\000c\000h\000i\000t\000e\000c\000t\000u\000r\000e\000\040\000p\000h\000y\000s\000i\000q\000u\000e\000\040\000d\000e\000\040\000l\000'\000a\000p\000p\000l\000i\000c\000a\000t\000i\000o\000n}{section.2.4}% 34
\BOOKMARK [1][]{section.2.5}{\376\377\000C\000o\000n\000c\000e\000p\000t\000i\000o\000n}{section.1.7}% 35
\BOOKMARK [2][]{subsection.2.5.1}{\376\377\000D\000i\000a\000g\000r\000a\000m\000m\000e\000\040\000d\000e\000\040\000c\000a\000s\000\040\000d\000'\000u\000t\000i\000l\000i\000s\000a\000t\000i\000o\000n\000\040\000g\000l\000o\000b\000a\000l}{section.2.5}% 36
\BOOKMARK [2][]{subsection.2.5.2}{\376\377\000D\000i\000a\000g\000r\000a\000m\000m\000e\000\040\000d\000e\000\040\000c\000l\000a\000s\000s\000e}{section.2.5}% 37
\BOOKMARK [2][]{subsection.2.5.3}{\376\377\000D\000i\000a\000g\000r\000a\000m\000m\000e\000\040\000d\000e\000\040\000s\000\351\000q\000u\000e\000n\000c\000e}{section.2.5}% 38
\BOOKMARK [1][]{figure.caption.35}{\376\377\000C\000o\000n\000c\000l\000u\000s\000i\000o\000n}{section.1.7}% 39
\BOOKMARK [0][]{figure.caption.35}{\376\377\000R\000e\000a\000l\000i\000s\000a\000t\000i\000o\000n\000\040\000d\000u\000\040\000s\000y\000s\000t\000e\000m\000e}{}% 40
\BOOKMARK [1][]{section.3.1}{\376\377\000I\000n\000t\000r\000o\000d\000u\000c\000t\000i\000o\000n}{figure.caption.35}% 41
\BOOKMARK [1][]{section.3.2}{\376\377\000E\000n\000v\000i\000r\000o\000n\000n\000e\000m\000e\000n\000t\000\040\000d\000e\000\040\000d\000\351\000v\000e\000l\000o\000p\000p\000e\000m\000e\000n\000t}{figure.caption.35}% 42
\BOOKMARK [2][]{subsection.3.2.1}{\376\377\000E\000n\000v\000i\000r\000o\000n\000n\000e\000m\000e\000n\000t\000\040\000m\000a\000t\000\351\000r\000i\000e\000l}{section.3.2}% 43
\BOOKMARK [2][]{subsection.3.2.2}{\376\377\000E\000n\000v\000i\000r\000o\000n\000n\000e\000m\000e\000n\000t\000\040\000l\000o\000g\000i\000c\000i\000e\000l}{section.3.2}% 44
\BOOKMARK [1][]{section.3.3}{\376\377\000T\000e\000c\000h\000n\000o\000l\000o\000g\000i\000e\000s\000\040\000e\000t\000\040\000l\000a\000n\000g\000a\000g\000e\000s\000\040\000d\000e\000\040\000p\000r\000o\000g\000r\000a\000m\000m\000a\000t\000i\000o\000n\000\040\000u\000t\000i\000l\000i\000s\000\351\000s}{figure.caption.35}% 45
\BOOKMARK [2][]{subsection.3.3.1}{\376\377\000T\000e\000c\000h\000n\000o\000l\000o\000g\000i\000e\000s\000\040\000d\000e\000\040\000d\000\351\000v\000e\000l\000o\000p\000p\000e\000m\000e\000n\000t\000\040\000c\000\364\000t\000\351\000\040\000c\000l\000i\000e\000n\000t}{section.3.3}% 46
\BOOKMARK [2][]{subsection.3.3.2}{\376\377\000T\000e\000c\000h\000n\000o\000l\000o\000g\000i\000e\000s\000\040\000d\000e\000\040\000d\000\351\000v\000e\000l\000o\000p\000p\000e\000m\000e\000n\000t\000\040\000c\000\364\000t\000\351\000\040\000s\000e\000r\000v\000e\000u\000r}{section.3.3}% 47
\BOOKMARK [2][]{subsection.3.3.3}{\376\377\000T\000e\000c\000h\000n\000o\000l\000o\000g\000i\000e\000s\000\040\000d\000e\000\040\000g\000e\000s\000t\000i\000o\000n\000\040\000d\000e\000s\000\040\000d\000o\000n\000n\000\351\000e\000s}{section.3.3}% 48
\BOOKMARK [2][]{subsection.3.3.4}{\376\377\000O\000u\000t\000i\000l\000\040\000d\000e\000\040\000c\000o\000n\000c\000e\000p\000t\000i\000o\000n\000\040\000e\000t\000\040\000d\000e\000\040\000m\000o\000d\000\351\000l\000i\000s\000a\000t\000i\000o\000n}{section.3.3}% 49
\BOOKMARK [2][]{subsection.3.3.5}{\376\377\000S\000e\000r\000v\000i\000c\000e\000\040\000d\000'\000i\000n\000t\000e\000l\000l\000i\000g\000e\000n\000c\000e\000\040\000a\000r\000t\000i\000f\000i\000c\000i\000e\000l\000l\000e}{section.3.3}% 50
\BOOKMARK [1][]{section.3.4}{\376\377\000P\000r\000i\000n\000c\000i\000p\000a\000l\000e\000s\000\040\000i\000n\000t\000e\000r\000f\000a\000c\000e\000s\000\040\000g\000r\000a\000p\000h\000i\000q\000u\000e\000s}{figure.caption.35}% 51
\BOOKMARK [2][]{subsection.3.4.1}{\376\377\000A\000u\000t\000h\000e\000n\000t\000i\000f\000i\000c\000a\000t\000i\000o\000n}{section.3.4}% 52
\BOOKMARK [2][]{subsection.3.4.2}{\376\377\000I\000n\000t\000e\000r\000f\000a\000c\000e\000s\000\040\000\351\000t\000u\000d\000i\000a\000n\000t}{section.3.4}% 53
\BOOKMARK [2][]{subsection.3.4.3}{\376\377\000I\000n\000t\000e\000r\000f\000a\000c\000e\000s\000\040\000a\000d\000m\000i\000n}{section.3.4}% 54
\BOOKMARK [2][]{subsection.3.4.4}{\376\377\000I\000n\000t\000e\000r\000f\000a\000c\000e\000s\000\040\000s\000o\000c\000i\000\351\000t\000\351}{section.3.4}% 55
\BOOKMARK [1][]{section.3.5}{\376\377\000C\000o\000n\000c\000l\000u\000s\000i\000o\000n}{figure.caption.35}% 56
\BOOKMARK [0][]{chapter*.67}{\376\377\000C\000o\000n\000c\000l\000u\000s\000i\000o\000n\000\040\000G\000\351\000n\000\351\000r\000a\000l\000e}{}% 57
\BOOKMARK [0][]{chapter*.68}{\376\377\000B\000i\000b\000l\000i\000o\000g\000r\000a\000p\000h\000i\000e}{}% 58
